<html>
<body>
<pre>
<h1>µVision Build Log</h1>
<h2>Tool Versions:</h2>
IDE-Version: µVision V5.24.2.0
Copyright (C) 2017 ARM Ltd and ARM Germany GmbH. All rights reserved.
License Information: ngoc ngoc, uit, LIC=BUUCX-H5RUH-W2QLL-0C2X5-8XHRB-75UES
 
Tool Versions:
Toolchain:       MDK-ARM Plus  Version: 5.24.1
Toolchain Path:  C:\Keil_v5\ARM\ARMCC\Bin
C Compiler:      Armcc.exe V5.06 update 5 (build 528)
Assembler:       Armasm.exe V5.06 update 5 (build 528)
Linker/Locator:  ArmLink.exe V5.06 update 5 (build 528)
Library Manager: ArmAr.exe V5.06 update 5 (build 528)
Hex Converter:   FromElf.exe V5.06 update 5 (build 528)
CPU DLL:         SARMCM3.DLL V5.24.1
Dialog DLL:      DARMCM1.DLL V1.18.0.0 
<h2>Project:</h2>
C:\Users\ngoc\OneDrive\NUC131BSP_v3.00.003\NUC131BSP_v3.00.003\SampleCode\RegBased\UART_TxRx_Function\KEIL\UART_TxRx_Function.uvproj
Project File Date:  12/16/2018

<h2>Output:</h2>
*** Using Compiler 'V5.06 update 5 (build 528)', folder: 'C:\Keil_v5\ARM\ARMCC\Bin'
Build target 'UART_TxRx_Function'
creating preprocessor file for system_NUC131.c...
creating preprocessor file for main.c...
creating preprocessor file for retarget.c...
creating preprocessor file for timer.c...
creating preprocessor file for uart.c...
compiling main.c...
..\main.c(19): warning:  #1295-D: Deprecated declaration start_timer - give arg types
  void start_timer();
..\main.c(20): warning:  #1295-D: Deprecated declaration stop_timer - give arg types
  void stop_timer();
..\main.c(21): warning:  #1295-D: Deprecated declaration stop_pwm - give arg types
  void stop_pwm();
..\main.c(402): warning:  #1-D: last line of file ends without a newline
  }
..\main.c: 4 warnings, 0 errors
linking...
Program Size: Code=2976 RO-data=264 RW-data=80 ZI-data=1128  
After Build - User command #1: fromelf --bin ".\obj\UART_TxRx_Function.axf" --output ".\obj\UART_TxRx_Function.bin"
After Build - User command #2: fromelf --text -c ".\obj\UART_TxRx_Function.axf" --output ".\obj\UART_TxRx_Function.txt"
".\obj\UART_TxRx_Function.axf" - 0 Error(s), 4 Warning(s).
Build Time Elapsed:  00:00:02
</pre>
</body>
</html>
