<!doctype html public "-//w3c//dtd html 4.0 transitional//en">
<html><head>
<title>Static Call Graph - [.\obj\UART_TxRx_Function.axf]</title></head>
<body><HR>
<H1>Static Call Graph for image .\obj\UART_TxRx_Function.axf</H1><HR>
<BR><P>#&#060CALLGRAPH&#062# ARM Linker, 5060528: Last Updated: Tue Dec 18 10:05:23 2018
<BR><P>
<H3>Maximum Stack Usage =         32 bytes + Unknown(Cycles, Untraceable Function Pointers)</H3><H3>
Call chain for Maximum Stack Depth:</H3>
Hard_Fault_Handler &rArr; stackDump &rArr; __2printf
<P>
<H3>
Mutually Recursive functions
</H3> <LI><a href="#[1]">NMI_Handler</a>&nbsp;&nbsp;&nbsp;&rArr;&nbsp;&nbsp;&nbsp;<a href="#[1]">NMI_Handler</a><BR>
 <LI><a href="#[3]">SVC_Handler</a>&nbsp;&nbsp;&nbsp;&rArr;&nbsp;&nbsp;&nbsp;<a href="#[3]">SVC_Handler</a><BR>
 <LI><a href="#[4]">PendSV_Handler</a>&nbsp;&nbsp;&nbsp;&rArr;&nbsp;&nbsp;&nbsp;<a href="#[4]">PendSV_Handler</a><BR>
 <LI><a href="#[5]">SysTick_Handler</a>&nbsp;&nbsp;&nbsp;&rArr;&nbsp;&nbsp;&nbsp;<a href="#[5]">SysTick_Handler</a><BR>
 <LI><a href="#[c]">Default_Handler</a>&nbsp;&nbsp;&nbsp;&rArr;&nbsp;&nbsp;&nbsp;<a href="#[c]">Default_Handler</a><BR>
</UL>
<P>
<H3>
Function Pointers
</H3><UL>
 <LI><a href="#[22]">ADC_IRQHandler</a> from startup_nuc131.o(.text) referenced from startup_nuc131.o(RESET)
 <LI><a href="#[6]">BOD_IRQHandler</a> from startup_nuc131.o(.text) referenced from startup_nuc131.o(RESET)
 <LI><a href="#[1d]">BPWM0_IRQHandler</a> from startup_nuc131.o(.text) referenced from startup_nuc131.o(RESET)
 <LI><a href="#[1e]">BPWM1_IRQHandler</a> from startup_nuc131.o(.text) referenced from startup_nuc131.o(RESET)
 <LI><a href="#[1f]">BRAKE0_IRQHandler</a> from startup_nuc131.o(.text) referenced from startup_nuc131.o(RESET)
 <LI><a href="#[20]">BRAKE1_IRQHandler</a> from startup_nuc131.o(.text) referenced from startup_nuc131.o(RESET)
 <LI><a href="#[19]">CAN0_IRQHandler</a> from startup_nuc131.o(.text) referenced from startup_nuc131.o(RESET)
 <LI><a href="#[1a]">CAN1_IRQHandler</a> from startup_nuc131.o(.text) referenced from startup_nuc131.o(RESET)
 <LI><a href="#[23]">CKD_IRQHandler</a> from startup_nuc131.o(.text) referenced from startup_nuc131.o(RESET)
 <LI><a href="#[c]">Default_Handler</a> from startup_nuc131.o(.text) referenced 2 times from startup_nuc131.o(RESET)
 <LI><a href="#[8]">EINT0_IRQHandler</a> from startup_nuc131.o(.text) referenced from startup_nuc131.o(RESET)
 <LI><a href="#[9]">EINT1_IRQHandler</a> from startup_nuc131.o(.text) referenced from startup_nuc131.o(RESET)
 <LI><a href="#[a]">GPAB_IRQHandler</a> from main.o(i.GPAB_IRQHandler) referenced from startup_nuc131.o(RESET)
 <LI><a href="#[b]">GPCDEF_IRQHandler</a> from startup_nuc131.o(.text) referenced from startup_nuc131.o(RESET)
 <LI><a href="#[2]">HardFault_Handler</a> from retarget.o(.emb_text) referenced from startup_nuc131.o(RESET)
 <LI><a href="#[26]">Hard_Fault_Handler</a> from retarget.o(i.Hard_Fault_Handler) referenced from retarget.o(.emb_text)
 <LI><a href="#[17]">I2C0_IRQHandler</a> from startup_nuc131.o(.text) referenced from startup_nuc131.o(RESET)
 <LI><a href="#[18]">I2C1_IRQHandler</a> from startup_nuc131.o(.text) referenced from startup_nuc131.o(RESET)
 <LI><a href="#[1]">NMI_Handler</a> from startup_nuc131.o(.text) referenced from startup_nuc131.o(RESET)
 <LI><a href="#[1b]">PWM0_IRQHandler</a> from startup_nuc131.o(.text) referenced from startup_nuc131.o(RESET)
 <LI><a href="#[1c]">PWM1_IRQHandler</a> from startup_nuc131.o(.text) referenced from startup_nuc131.o(RESET)
 <LI><a href="#[21]">PWRWU_IRQHandler</a> from startup_nuc131.o(.text) referenced from startup_nuc131.o(RESET)
 <LI><a href="#[4]">PendSV_Handler</a> from startup_nuc131.o(.text) referenced from startup_nuc131.o(RESET)
 <LI><a href="#[24]">RTC_IRQHandler</a> from startup_nuc131.o(.text) referenced from startup_nuc131.o(RESET)
 <LI><a href="#[2a]">Reset_Handler</a> from startup_nuc131.o(.text) referenced from startup_nuc131.o(RESET)
 <LI><a href="#[13]">SPI0_IRQHandler</a> from startup_nuc131.o(.text) referenced from startup_nuc131.o(RESET)
 <LI><a href="#[3]">SVC_Handler</a> from startup_nuc131.o(.text) referenced from startup_nuc131.o(RESET)
 <LI><a href="#[5]">SysTick_Handler</a> from startup_nuc131.o(.text) referenced from startup_nuc131.o(RESET)
 <LI><a href="#[27]">SystemInit</a> from system_nuc131.o(i.SystemInit) referenced from startup_nuc131.o(.text)
 <LI><a href="#[d]">TMR0_IRQHandler</a> from main.o(i.TMR0_IRQHandler) referenced from startup_nuc131.o(RESET)
 <LI><a href="#[e]">TMR1_IRQHandler</a> from startup_nuc131.o(.text) referenced from startup_nuc131.o(RESET)
 <LI><a href="#[f]">TMR2_IRQHandler</a> from startup_nuc131.o(.text) referenced from startup_nuc131.o(RESET)
 <LI><a href="#[10]">TMR3_IRQHandler</a> from startup_nuc131.o(.text) referenced from startup_nuc131.o(RESET)
 <LI><a href="#[11]">UART02_IRQHandler</a> from startup_nuc131.o(.text) referenced from startup_nuc131.o(RESET)
 <LI><a href="#[12]">UART1_IRQHandler</a> from main.o(i.UART1_IRQHandler) referenced from startup_nuc131.o(RESET)
 <LI><a href="#[14]">UART3_IRQHandler</a> from startup_nuc131.o(.text) referenced from startup_nuc131.o(RESET)
 <LI><a href="#[15]">UART4_IRQHandler</a> from startup_nuc131.o(.text) referenced from startup_nuc131.o(RESET)
 <LI><a href="#[16]">UART5_IRQHandler</a> from startup_nuc131.o(.text) referenced from startup_nuc131.o(RESET)
 <LI><a href="#[7]">WDT_IRQHandler</a> from startup_nuc131.o(.text) referenced from startup_nuc131.o(RESET)
 <LI><a href="#[28]">__main</a> from entry.o(.ARM.Collect$$$$00000000) referenced from startup_nuc131.o(.text)
 <LI><a href="#[29]">fputc</a> from retarget.o(i.fputc) referenced from printf5.o(i.__0printf$5)
 <LI><a href="#[25]">main</a> from main.o(i.main) referenced from entry9a.o(.ARM.Collect$$$$0000000B)
</UL>
<P>
<H3>
Global Symbols
</H3>
<P><STRONG><a name="[28]"></a>__main</STRONG> (Thumb, 0 bytes, Stack size unknown bytes, entry.o(.ARM.Collect$$$$00000000))
<BR>[Address Reference Count : 1]<UL><LI> startup_nuc131.o(.text)
</UL>
<P><STRONG><a name="[42]"></a>_main_stk</STRONG> (Thumb, 0 bytes, Stack size unknown bytes, entry2.o(.ARM.Collect$$$$00000001))

<P><STRONG><a name="[2b]"></a>_main_scatterload</STRONG> (Thumb, 0 bytes, Stack size unknown bytes, entry5.o(.ARM.Collect$$$$00000004))
<BR><BR>[Calls]<UL><LI><a href="#[2c]">&gt;&gt;</a>&nbsp;&nbsp;&nbsp;__scatterload
</UL>

<P><STRONG><a name="[30]"></a>__main_after_scatterload</STRONG> (Thumb, 0 bytes, Stack size unknown bytes, entry5.o(.ARM.Collect$$$$00000004))
<BR><BR>[Called By]<UL><LI><a href="#[2c]">&gt;&gt;</a>&nbsp;&nbsp;&nbsp;__scatterload
</UL>

<P><STRONG><a name="[43]"></a>_main_clock</STRONG> (Thumb, 0 bytes, Stack size unknown bytes, entry7b.o(.ARM.Collect$$$$00000008))

<P><STRONG><a name="[44]"></a>_main_cpp_init</STRONG> (Thumb, 0 bytes, Stack size unknown bytes, entry8b.o(.ARM.Collect$$$$0000000A))

<P><STRONG><a name="[45]"></a>_main_init</STRONG> (Thumb, 0 bytes, Stack size unknown bytes, entry9a.o(.ARM.Collect$$$$0000000B))

<P><STRONG><a name="[46]"></a>__rt_final_cpp</STRONG> (Thumb, 0 bytes, Stack size unknown bytes, entry10a.o(.ARM.Collect$$$$0000000D))

<P><STRONG><a name="[47]"></a>__rt_final_exit</STRONG> (Thumb, 0 bytes, Stack size unknown bytes, entry11a.o(.ARM.Collect$$$$0000000F))

<P><STRONG><a name="[2]"></a>HardFault_Handler</STRONG> (Thumb, 24 bytes, Stack size 0 bytes, retarget.o(.emb_text))
<BR>[Address Reference Count : 1]<UL><LI> startup_nuc131.o(RESET)
</UL>
<P><STRONG><a name="[2a]"></a>Reset_Handler</STRONG> (Thumb, 32 bytes, Stack size 0 bytes, startup_nuc131.o(.text))

<P><STRONG><a name="[1]"></a>NMI_Handler</STRONG> (Thumb, 2 bytes, Stack size 0 bytes, startup_nuc131.o(.text))
<BR><BR>[Calls]<UL><LI><a href="#[1]">&gt;&gt;</a>&nbsp;&nbsp;&nbsp;NMI_Handler
</UL>
<BR>[Called By]<UL><LI><a href="#[1]">&gt;&gt;</a>&nbsp;&nbsp;&nbsp;NMI_Handler
</UL>
<BR>[Address Reference Count : 1]<UL><LI> startup_nuc131.o(RESET)
</UL>
<P><STRONG><a name="[3]"></a>SVC_Handler</STRONG> (Thumb, 2 bytes, Stack size 0 bytes, startup_nuc131.o(.text))
<BR><BR>[Calls]<UL><LI><a href="#[3]">&gt;&gt;</a>&nbsp;&nbsp;&nbsp;SVC_Handler
</UL>
<BR>[Called By]<UL><LI><a href="#[3]">&gt;&gt;</a>&nbsp;&nbsp;&nbsp;SVC_Handler
</UL>
<BR>[Address Reference Count : 1]<UL><LI> startup_nuc131.o(RESET)
</UL>
<P><STRONG><a name="[4]"></a>PendSV_Handler</STRONG> (Thumb, 2 bytes, Stack size 0 bytes, startup_nuc131.o(.text))
<BR><BR>[Calls]<UL><LI><a href="#[4]">&gt;&gt;</a>&nbsp;&nbsp;&nbsp;PendSV_Handler
</UL>
<BR>[Called By]<UL><LI><a href="#[4]">&gt;&gt;</a>&nbsp;&nbsp;&nbsp;PendSV_Handler
</UL>
<BR>[Address Reference Count : 1]<UL><LI> startup_nuc131.o(RESET)
</UL>
<P><STRONG><a name="[5]"></a>SysTick_Handler</STRONG> (Thumb, 2 bytes, Stack size 0 bytes, startup_nuc131.o(.text))
<BR><BR>[Calls]<UL><LI><a href="#[5]">&gt;&gt;</a>&nbsp;&nbsp;&nbsp;SysTick_Handler
</UL>
<BR>[Called By]<UL><LI><a href="#[5]">&gt;&gt;</a>&nbsp;&nbsp;&nbsp;SysTick_Handler
</UL>
<BR>[Address Reference Count : 1]<UL><LI> startup_nuc131.o(RESET)
</UL>
<P><STRONG><a name="[22]"></a>ADC_IRQHandler</STRONG> (Thumb, 0 bytes, Stack size 0 bytes, startup_nuc131.o(.text))
<BR>[Address Reference Count : 1]<UL><LI> startup_nuc131.o(RESET)
</UL>
<P><STRONG><a name="[6]"></a>BOD_IRQHandler</STRONG> (Thumb, 0 bytes, Stack size 0 bytes, startup_nuc131.o(.text))
<BR>[Address Reference Count : 1]<UL><LI> startup_nuc131.o(RESET)
</UL>
<P><STRONG><a name="[1d]"></a>BPWM0_IRQHandler</STRONG> (Thumb, 0 bytes, Stack size 0 bytes, startup_nuc131.o(.text))
<BR>[Address Reference Count : 1]<UL><LI> startup_nuc131.o(RESET)
</UL>
<P><STRONG><a name="[1e]"></a>BPWM1_IRQHandler</STRONG> (Thumb, 0 bytes, Stack size 0 bytes, startup_nuc131.o(.text))
<BR>[Address Reference Count : 1]<UL><LI> startup_nuc131.o(RESET)
</UL>
<P><STRONG><a name="[1f]"></a>BRAKE0_IRQHandler</STRONG> (Thumb, 0 bytes, Stack size 0 bytes, startup_nuc131.o(.text))
<BR>[Address Reference Count : 1]<UL><LI> startup_nuc131.o(RESET)
</UL>
<P><STRONG><a name="[20]"></a>BRAKE1_IRQHandler</STRONG> (Thumb, 0 bytes, Stack size 0 bytes, startup_nuc131.o(.text))
<BR>[Address Reference Count : 1]<UL><LI> startup_nuc131.o(RESET)
</UL>
<P><STRONG><a name="[19]"></a>CAN0_IRQHandler</STRONG> (Thumb, 0 bytes, Stack size 0 bytes, startup_nuc131.o(.text))
<BR>[Address Reference Count : 1]<UL><LI> startup_nuc131.o(RESET)
</UL>
<P><STRONG><a name="[1a]"></a>CAN1_IRQHandler</STRONG> (Thumb, 0 bytes, Stack size 0 bytes, startup_nuc131.o(.text))
<BR>[Address Reference Count : 1]<UL><LI> startup_nuc131.o(RESET)
</UL>
<P><STRONG><a name="[23]"></a>CKD_IRQHandler</STRONG> (Thumb, 0 bytes, Stack size 0 bytes, startup_nuc131.o(.text))
<BR>[Address Reference Count : 1]<UL><LI> startup_nuc131.o(RESET)
</UL>
<P><STRONG><a name="[8]"></a>EINT0_IRQHandler</STRONG> (Thumb, 0 bytes, Stack size 0 bytes, startup_nuc131.o(.text))
<BR>[Address Reference Count : 1]<UL><LI> startup_nuc131.o(RESET)
</UL>
<P><STRONG><a name="[9]"></a>EINT1_IRQHandler</STRONG> (Thumb, 0 bytes, Stack size 0 bytes, startup_nuc131.o(.text))
<BR>[Address Reference Count : 1]<UL><LI> startup_nuc131.o(RESET)
</UL>
<P><STRONG><a name="[b]"></a>GPCDEF_IRQHandler</STRONG> (Thumb, 0 bytes, Stack size 0 bytes, startup_nuc131.o(.text))
<BR>[Address Reference Count : 1]<UL><LI> startup_nuc131.o(RESET)
</UL>
<P><STRONG><a name="[17]"></a>I2C0_IRQHandler</STRONG> (Thumb, 0 bytes, Stack size 0 bytes, startup_nuc131.o(.text))
<BR>[Address Reference Count : 1]<UL><LI> startup_nuc131.o(RESET)
</UL>
<P><STRONG><a name="[18]"></a>I2C1_IRQHandler</STRONG> (Thumb, 0 bytes, Stack size 0 bytes, startup_nuc131.o(.text))
<BR>[Address Reference Count : 1]<UL><LI> startup_nuc131.o(RESET)
</UL>
<P><STRONG><a name="[1b]"></a>PWM0_IRQHandler</STRONG> (Thumb, 0 bytes, Stack size 0 bytes, startup_nuc131.o(.text))
<BR>[Address Reference Count : 1]<UL><LI> startup_nuc131.o(RESET)
</UL>
<P><STRONG><a name="[1c]"></a>PWM1_IRQHandler</STRONG> (Thumb, 0 bytes, Stack size 0 bytes, startup_nuc131.o(.text))
<BR>[Address Reference Count : 1]<UL><LI> startup_nuc131.o(RESET)
</UL>
<P><STRONG><a name="[21]"></a>PWRWU_IRQHandler</STRONG> (Thumb, 0 bytes, Stack size 0 bytes, startup_nuc131.o(.text))
<BR>[Address Reference Count : 1]<UL><LI> startup_nuc131.o(RESET)
</UL>
<P><STRONG><a name="[24]"></a>RTC_IRQHandler</STRONG> (Thumb, 0 bytes, Stack size 0 bytes, startup_nuc131.o(.text))
<BR>[Address Reference Count : 1]<UL><LI> startup_nuc131.o(RESET)
</UL>
<P><STRONG><a name="[13]"></a>SPI0_IRQHandler</STRONG> (Thumb, 0 bytes, Stack size 0 bytes, startup_nuc131.o(.text))
<BR>[Address Reference Count : 1]<UL><LI> startup_nuc131.o(RESET)
</UL>
<P><STRONG><a name="[e]"></a>TMR1_IRQHandler</STRONG> (Thumb, 0 bytes, Stack size 0 bytes, startup_nuc131.o(.text))
<BR>[Address Reference Count : 1]<UL><LI> startup_nuc131.o(RESET)
</UL>
<P><STRONG><a name="[f]"></a>TMR2_IRQHandler</STRONG> (Thumb, 0 bytes, Stack size 0 bytes, startup_nuc131.o(.text))
<BR>[Address Reference Count : 1]<UL><LI> startup_nuc131.o(RESET)
</UL>
<P><STRONG><a name="[10]"></a>TMR3_IRQHandler</STRONG> (Thumb, 0 bytes, Stack size 0 bytes, startup_nuc131.o(.text))
<BR>[Address Reference Count : 1]<UL><LI> startup_nuc131.o(RESET)
</UL>
<P><STRONG><a name="[11]"></a>UART02_IRQHandler</STRONG> (Thumb, 0 bytes, Stack size 0 bytes, startup_nuc131.o(.text))
<BR>[Address Reference Count : 1]<UL><LI> startup_nuc131.o(RESET)
</UL>
<P><STRONG><a name="[14]"></a>UART3_IRQHandler</STRONG> (Thumb, 0 bytes, Stack size 0 bytes, startup_nuc131.o(.text))
<BR>[Address Reference Count : 1]<UL><LI> startup_nuc131.o(RESET)
</UL>
<P><STRONG><a name="[15]"></a>UART4_IRQHandler</STRONG> (Thumb, 0 bytes, Stack size 0 bytes, startup_nuc131.o(.text))
<BR>[Address Reference Count : 1]<UL><LI> startup_nuc131.o(RESET)
</UL>
<P><STRONG><a name="[16]"></a>UART5_IRQHandler</STRONG> (Thumb, 0 bytes, Stack size 0 bytes, startup_nuc131.o(.text))
<BR>[Address Reference Count : 1]<UL><LI> startup_nuc131.o(RESET)
</UL>
<P><STRONG><a name="[7]"></a>WDT_IRQHandler</STRONG> (Thumb, 0 bytes, Stack size 0 bytes, startup_nuc131.o(.text))
<BR>[Address Reference Count : 1]<UL><LI> startup_nuc131.o(RESET)
</UL>
<P><STRONG><a name="[2d]"></a>__aeabi_uldivmod</STRONG> (Thumb, 96 bytes, Stack size 48 bytes, uldiv.o(.text), UNUSED)
<BR><BR>[Calls]<UL><LI><a href="#[2e]">&gt;&gt;</a>&nbsp;&nbsp;&nbsp;__aeabi_llsr
<LI><a href="#[2f]">&gt;&gt;</a>&nbsp;&nbsp;&nbsp;__aeabi_llsl
</UL>
<BR>[Called By]<UL><LI><a href="#[3a]">&gt;&gt;</a>&nbsp;&nbsp;&nbsp;_printf_core
</UL>

<P><STRONG><a name="[2c]"></a>__scatterload</STRONG> (Thumb, 28 bytes, Stack size 0 bytes, init.o(.text))
<BR><BR>[Calls]<UL><LI><a href="#[30]">&gt;&gt;</a>&nbsp;&nbsp;&nbsp;__main_after_scatterload
</UL>
<BR>[Called By]<UL><LI><a href="#[2b]">&gt;&gt;</a>&nbsp;&nbsp;&nbsp;_main_scatterload
</UL>

<P><STRONG><a name="[48]"></a>__scatterload_rt2</STRONG> (Thumb, 0 bytes, Stack size 0 bytes, init.o(.text), UNUSED)

<P><STRONG><a name="[2f]"></a>__aeabi_llsl</STRONG> (Thumb, 32 bytes, Stack size 8 bytes, llshl.o(.text), UNUSED)
<BR><BR>[Called By]<UL><LI><a href="#[2d]">&gt;&gt;</a>&nbsp;&nbsp;&nbsp;__aeabi_uldivmod
</UL>

<P><STRONG><a name="[49]"></a>_ll_shift_l</STRONG> (Thumb, 0 bytes, Stack size 8 bytes, llshl.o(.text), UNUSED)

<P><STRONG><a name="[2e]"></a>__aeabi_llsr</STRONG> (Thumb, 34 bytes, Stack size 8 bytes, llushr.o(.text), UNUSED)
<BR><BR>[Called By]<UL><LI><a href="#[2d]">&gt;&gt;</a>&nbsp;&nbsp;&nbsp;__aeabi_uldivmod
</UL>

<P><STRONG><a name="[4a]"></a>_ll_ushift_r</STRONG> (Thumb, 0 bytes, Stack size 8 bytes, llushr.o(.text), UNUSED)

<P><STRONG><a name="[41]"></a>Delay_us</STRONG> (Thumb, 14 bytes, Stack size 0 bytes, main.o(i.Delay_us))
<BR><BR>[Called By]<UL><LI><a href="#[25]">&gt;&gt;</a>&nbsp;&nbsp;&nbsp;main
</UL>

<P><STRONG><a name="[a]"></a>GPAB_IRQHandler</STRONG> (Thumb, 80 bytes, Stack size 8 bytes, main.o(i.GPAB_IRQHandler))
<BR><BR>[Stack]<UL><LI>Max Depth = 8<LI>Call Chain = GPAB_IRQHandler
</UL>
<BR>[Address Reference Count : 1]<UL><LI> startup_nuc131.o(RESET)
</UL>
<P><STRONG><a name="[26]"></a>Hard_Fault_Handler</STRONG> (Thumb, 16 bytes, Stack size 0 bytes, retarget.o(i.Hard_Fault_Handler))
<BR><BR>[Stack]<UL><LI>Max Depth = 32<LI>Call Chain = Hard_Fault_Handler &rArr; stackDump &rArr; __2printf
</UL>
<BR>[Calls]<UL><LI><a href="#[32]">&gt;&gt;</a>&nbsp;&nbsp;&nbsp;stackDump
<LI><a href="#[31]">&gt;&gt;</a>&nbsp;&nbsp;&nbsp;__2printf
</UL>
<BR>[Address Reference Count : 1]<UL><LI> retarget.o(.emb_text)
</UL>
<P><STRONG><a name="[3e]"></a>SYS_Init</STRONG> (Thumb, 182 bytes, Stack size 8 bytes, main.o(i.SYS_Init))
<BR><BR>[Stack]<UL><LI>Max Depth = 8<LI>Call Chain = SYS_Init
</UL>
<BR>[Called By]<UL><LI><a href="#[25]">&gt;&gt;</a>&nbsp;&nbsp;&nbsp;main
</UL>

<P><STRONG><a name="[3b]"></a>SendChar_ToUART</STRONG> (Thumb, 26 bytes, Stack size 0 bytes, retarget.o(i.SendChar_ToUART))
<BR><BR>[Called By]<UL><LI><a href="#[29]">&gt;&gt;</a>&nbsp;&nbsp;&nbsp;fputc
</UL>

<P><STRONG><a name="[34]"></a>Send_String</STRONG> (Thumb, 20 bytes, Stack size 0 bytes, main.o(i.Send_String))
<BR><BR>[Called By]<UL><LI><a href="#[25]">&gt;&gt;</a>&nbsp;&nbsp;&nbsp;main
<LI><a href="#[12]">&gt;&gt;</a>&nbsp;&nbsp;&nbsp;UART1_IRQHandler
</UL>

<P><STRONG><a name="[27]"></a>SystemInit</STRONG> (Thumb, 2 bytes, Stack size 0 bytes, system_nuc131.o(i.SystemInit))
<BR>[Address Reference Count : 1]<UL><LI> startup_nuc131.o(.text)
</UL>
<P><STRONG><a name="[d]"></a>TMR0_IRQHandler</STRONG> (Thumb, 72 bytes, Stack size 12 bytes, main.o(i.TMR0_IRQHandler))
<BR><BR>[Stack]<UL><LI>Max Depth = 12<LI>Call Chain = TMR0_IRQHandler
</UL>
<BR>[Calls]<UL><LI><a href="#[33]">&gt;&gt;</a>&nbsp;&nbsp;&nbsp;stop_timer
</UL>
<BR>[Address Reference Count : 1]<UL><LI> startup_nuc131.o(RESET)
</UL>
<P><STRONG><a name="[3f]"></a>UART0_Init</STRONG> (Thumb, 32 bytes, Stack size 0 bytes, main.o(i.UART0_Init))
<BR><BR>[Called By]<UL><LI><a href="#[25]">&gt;&gt;</a>&nbsp;&nbsp;&nbsp;main
</UL>

<P><STRONG><a name="[12]"></a>UART1_IRQHandler</STRONG> (Thumb, 170 bytes, Stack size 24 bytes, main.o(i.UART1_IRQHandler))
<BR><BR>[Stack]<UL><LI>Max Depth = 24<LI>Call Chain = UART1_IRQHandler
</UL>
<BR>[Calls]<UL><LI><a href="#[35]">&gt;&gt;</a>&nbsp;&nbsp;&nbsp;start_timer
<LI><a href="#[34]">&gt;&gt;</a>&nbsp;&nbsp;&nbsp;Send_String
</UL>
<BR>[Address Reference Count : 1]<UL><LI> startup_nuc131.o(RESET)
</UL>
<P><STRONG><a name="[36]"></a>UART1_Init</STRONG> (Thumb, 40 bytes, Stack size 8 bytes, main.o(i.UART1_Init))
<BR><BR>[Stack]<UL><LI>Max Depth = 16<LI>Call Chain = UART1_Init &rArr; UART_EnableInt
</UL>
<BR>[Calls]<UL><LI><a href="#[37]">&gt;&gt;</a>&nbsp;&nbsp;&nbsp;UART_EnableInt
</UL>
<BR>[Called By]<UL><LI><a href="#[25]">&gt;&gt;</a>&nbsp;&nbsp;&nbsp;main
</UL>

<P><STRONG><a name="[37]"></a>UART_EnableInt</STRONG> (Thumb, 62 bytes, Stack size 8 bytes, uart.o(i.UART_EnableInt))
<BR><BR>[Stack]<UL><LI>Max Depth = 8<LI>Call Chain = UART_EnableInt
</UL>
<BR>[Calls]<UL><LI><a href="#[38]">&gt;&gt;</a>&nbsp;&nbsp;&nbsp;NVIC_EnableIRQ
</UL>
<BR>[Called By]<UL><LI><a href="#[36]">&gt;&gt;</a>&nbsp;&nbsp;&nbsp;UART1_Init
</UL>

<P><STRONG><a name="[39]"></a>__0printf$5</STRONG> (Thumb, 24 bytes, Stack size 24 bytes, printf5.o(i.__0printf$5), UNUSED)
<BR><BR>[Calls]<UL><LI><a href="#[3a]">&gt;&gt;</a>&nbsp;&nbsp;&nbsp;_printf_core
</UL>

<P><STRONG><a name="[4b]"></a>__1printf$5</STRONG> (Thumb, 0 bytes, Stack size 24 bytes, printf5.o(i.__0printf$5), UNUSED)

<P><STRONG><a name="[31]"></a>__2printf</STRONG> (Thumb, 0 bytes, Stack size 24 bytes, printf5.o(i.__0printf$5))
<BR><BR>[Stack]<UL><LI>Max Depth = 24<LI>Call Chain = __2printf
</UL>
<BR>[Called By]<UL><LI><a href="#[26]">&gt;&gt;</a>&nbsp;&nbsp;&nbsp;Hard_Fault_Handler
<LI><a href="#[32]">&gt;&gt;</a>&nbsp;&nbsp;&nbsp;stackDump
<LI><a href="#[3c]">&gt;&gt;</a>&nbsp;&nbsp;&nbsp;gpio_init
</UL>

<P><STRONG><a name="[4c]"></a>__scatterload_copy</STRONG> (Thumb, 14 bytes, Stack size unknown bytes, handlers.o(i.__scatterload_copy), UNUSED)

<P><STRONG><a name="[4d]"></a>__scatterload_null</STRONG> (Thumb, 2 bytes, Stack size unknown bytes, handlers.o(i.__scatterload_null), UNUSED)

<P><STRONG><a name="[4e]"></a>__scatterload_zeroinit</STRONG> (Thumb, 14 bytes, Stack size unknown bytes, handlers.o(i.__scatterload_zeroinit), UNUSED)

<P><STRONG><a name="[29]"></a>fputc</STRONG> (Thumb, 12 bytes, Stack size 4 bytes, retarget.o(i.fputc))
<BR><BR>[Stack]<UL><LI>Max Depth = 4<LI>Call Chain = fputc
</UL>
<BR>[Calls]<UL><LI><a href="#[3b]">&gt;&gt;</a>&nbsp;&nbsp;&nbsp;SendChar_ToUART
</UL>
<BR>[Address Reference Count : 1]<UL><LI> printf5.o(i.__0printf$5)
</UL>
<P><STRONG><a name="[3c]"></a>gpio_init</STRONG> (Thumb, 148 bytes, Stack size 8 bytes, main.o(i.gpio_init))
<BR><BR>[Stack]<UL><LI>Max Depth = 32<LI>Call Chain = gpio_init &rArr; __2printf
</UL>
<BR>[Calls]<UL><LI><a href="#[3d]">&gt;&gt;</a>&nbsp;&nbsp;&nbsp;NVIC_EnableIRQ
<LI><a href="#[31]">&gt;&gt;</a>&nbsp;&nbsp;&nbsp;__2printf
</UL>
<BR>[Called By]<UL><LI><a href="#[25]">&gt;&gt;</a>&nbsp;&nbsp;&nbsp;main
</UL>

<P><STRONG><a name="[25]"></a>main</STRONG> (Thumb, 272 bytes, Stack size 0 bytes, main.o(i.main))
<BR><BR>[Stack]<UL><LI>Max Depth = 32<LI>Call Chain = main &rArr; gpio_init &rArr; __2printf
</UL>
<BR>[Calls]<UL><LI><a href="#[40]">&gt;&gt;</a>&nbsp;&nbsp;&nbsp;pwm_timer_init
<LI><a href="#[3c]">&gt;&gt;</a>&nbsp;&nbsp;&nbsp;gpio_init
<LI><a href="#[36]">&gt;&gt;</a>&nbsp;&nbsp;&nbsp;UART1_Init
<LI><a href="#[3f]">&gt;&gt;</a>&nbsp;&nbsp;&nbsp;UART0_Init
<LI><a href="#[34]">&gt;&gt;</a>&nbsp;&nbsp;&nbsp;Send_String
<LI><a href="#[3e]">&gt;&gt;</a>&nbsp;&nbsp;&nbsp;SYS_Init
<LI><a href="#[41]">&gt;&gt;</a>&nbsp;&nbsp;&nbsp;Delay_us
</UL>
<BR>[Address Reference Count : 1]<UL><LI> entry9a.o(.ARM.Collect$$$$0000000B)
</UL>
<P><STRONG><a name="[40]"></a>pwm_timer_init</STRONG> (Thumb, 94 bytes, Stack size 8 bytes, main.o(i.pwm_timer_init))
<BR><BR>[Stack]<UL><LI>Max Depth = 8<LI>Call Chain = pwm_timer_init
</UL>
<BR>[Calls]<UL><LI><a href="#[3d]">&gt;&gt;</a>&nbsp;&nbsp;&nbsp;NVIC_EnableIRQ
</UL>
<BR>[Called By]<UL><LI><a href="#[25]">&gt;&gt;</a>&nbsp;&nbsp;&nbsp;main
</UL>

<P><STRONG><a name="[35]"></a>start_timer</STRONG> (Thumb, 12 bytes, Stack size 0 bytes, main.o(i.start_timer))
<BR><BR>[Called By]<UL><LI><a href="#[12]">&gt;&gt;</a>&nbsp;&nbsp;&nbsp;UART1_IRQHandler
</UL>

<P><STRONG><a name="[33]"></a>stop_timer</STRONG> (Thumb, 12 bytes, Stack size 0 bytes, main.o(i.stop_timer))
<BR><BR>[Called By]<UL><LI><a href="#[d]">&gt;&gt;</a>&nbsp;&nbsp;&nbsp;TMR0_IRQHandler
</UL>
<P>
<H3>
Local Symbols
</H3>
<P><STRONG><a name="[c]"></a>Default_Handler</STRONG> (Thumb, 2 bytes, Stack size 0 bytes, startup_nuc131.o(.text))
<BR><BR>[Calls]<UL><LI><a href="#[c]">&gt;&gt;</a>&nbsp;&nbsp;&nbsp;Default_Handler
</UL>
<BR>[Called By]<UL><LI><a href="#[c]">&gt;&gt;</a>&nbsp;&nbsp;&nbsp;Default_Handler
</UL>
<BR>[Address Reference Count : 1]<UL><LI> startup_nuc131.o(RESET)
</UL>
<P><STRONG><a name="[3d]"></a>NVIC_EnableIRQ</STRONG> (Thumb, 14 bytes, Stack size 0 bytes, main.o(i.NVIC_EnableIRQ))
<BR><BR>[Called By]<UL><LI><a href="#[40]">&gt;&gt;</a>&nbsp;&nbsp;&nbsp;pwm_timer_init
<LI><a href="#[3c]">&gt;&gt;</a>&nbsp;&nbsp;&nbsp;gpio_init
</UL>

<P><STRONG><a name="[32]"></a>stackDump</STRONG> (Thumb, 70 bytes, Stack size 8 bytes, retarget.o(i.stackDump))
<BR><BR>[Stack]<UL><LI>Max Depth = 32<LI>Call Chain = stackDump &rArr; __2printf
</UL>
<BR>[Calls]<UL><LI><a href="#[31]">&gt;&gt;</a>&nbsp;&nbsp;&nbsp;__2printf
</UL>
<BR>[Called By]<UL><LI><a href="#[26]">&gt;&gt;</a>&nbsp;&nbsp;&nbsp;Hard_Fault_Handler
</UL>

<P><STRONG><a name="[38]"></a>NVIC_EnableIRQ</STRONG> (Thumb, 14 bytes, Stack size 0 bytes, uart.o(i.NVIC_EnableIRQ))
<BR><BR>[Called By]<UL><LI><a href="#[37]">&gt;&gt;</a>&nbsp;&nbsp;&nbsp;UART_EnableInt
</UL>

<P><STRONG><a name="[3a]"></a>_printf_core</STRONG> (Thumb, 688 bytes, Stack size 96 bytes, printf5.o(i._printf_core), UNUSED)
<BR><BR>[Calls]<UL><LI><a href="#[2d]">&gt;&gt;</a>&nbsp;&nbsp;&nbsp;__aeabi_uldivmod
</UL>
<BR>[Called By]<UL><LI><a href="#[39]">&gt;&gt;</a>&nbsp;&nbsp;&nbsp;__0printf$5
</UL>
<P>
<H3>
Undefined Global Symbols
</H3><HR></body></html>
